node.exe : - Generating browser application bundles (phase: setup)...
En C:\Users\felic\AppData\Roaming\npm\ng.ps1: 24 Carácter: 5
+     & "node$exe"  "$basedir/node_modules/@angular/cli/bin/ng.js" $arg ...
+     ~~~~~~~~~~~~~~~~~~~~~~~~~~~~~~~~~~~~~~~~~~~~~~~~~~~~~~~~~~~~~~~~~
    + CategoryInfo          : NotSpecified: (- Generating br...hase: setup)...:String) [], RemoteException
    + FullyQualifiedErrorId : NativeCommandError
 
Ô£ö Browser application bundle generation complete.
05 02 2025 17:46:59.351:INFO [karma-server]: Karma v6.4.4 server started at http://localhost:9876/
05 02 2025 17:46:59.354:INFO [launcher]: Launching browsers Chrome with concurrency unlimited
05 02 2025 17:46:59.359:INFO [launcher]: Starting browser Chrome
05 02 2025 17:47:01.062:INFO [Chrome 132.0.0.0 (Windows 10)]: Connected on socket fXr9jzfl5wtAq8oeAAAB with id 10164372
Chrome 132.0.0.0 (Windows 10): Executed 0 of 46[32m SUCCESS[39m (0 secs / 0 secs)
[1A[2KWARN: [36m'Navigation triggered outside Angular zone, did you forget to call 'ngZone.run()'?'[39m
Chrome 132.0.0.0 (Windows 10): Executed 0 of 46[32m SUCCESS[39m (0 secs / 0 secs)
WARN: 'Navigation triggered outside Angular zone, did you forget to call 'ngZone.run()'?'
[1A[2KChrome 132.0.0.0 (Windows 10): Executed 1 of 46[32m SUCCESS[39m (0 secs / 0.004 secs)
[1A[2KChrome 132.0.0.0 (Windows 10): Executed 2 of 46[32m SUCCESS[39m (0 secs / 0.08 secs)
[1A[2KChrome 132.0.0.0 (Windows 10): Executed 3 of 46[32m SUCCESS[39m (0 secs / 0.1 secs)
[1A[2KChrome 132.0.0.0 (Windows 10): Executed 4 of 46[32m SUCCESS[39m (0 secs / 0.105 secs)
[1A[2KChrome 132.0.0.0 (Windows 10): Executed 5 of 46[32m SUCCESS[39m (0 secs / 0.109 secs)
[1A[2KChrome 132.0.0.0 (Windows 10): Executed 6 of 46[32m SUCCESS[39m (0 secs / 0.112 secs)
[1A[2KChrome 132.0.0.0 (Windows 10): Executed 7 of 46[32m SUCCESS[39m (0 secs / 0.13 secs)
[1A[2KChrome 132.0.0.0 (Windows 10): Executed 8 of 46[32m SUCCESS[39m (0 secs / 0.138 secs)
[1A[2KChrome 132.0.0.0 (Windows 10): Executed 9 of 46[32m SUCCESS[39m (0 secs / 0.14 secs)
[1A[2KChrome 132.0.0.0 (Windows 10): Executed 10 of 46[32m SUCCESS[39m (0 secs / 0.162 secs)
[1A[2KChrome 132.0.0.0 (Windows 10): Executed 11 of 46[32m SUCCESS[39m (0 secs / 0.171 secs)
[1A[2KChrome 132.0.0.0 (Windows 10): Executed 12 of 46[32m SUCCESS[39m (0 secs / 0.172 secs)
[1A[2KChrome 132.0.0.0 (Windows 10): Executed 13 of 46[32m SUCCESS[39m (0 secs / 0.174 secs)
[1A[2KChrome 132.0.0.0 (Windows 10): Executed 14 of 46[32m SUCCESS[39m (0 secs / 0.187 secs)
[1A[2KChrome 132.0.0.0 (Windows 10): Executed 15 of 46[32m SUCCESS[39m (0 secs / 0.188 secs)
[1A[2KChrome 132.0.0.0 (Windows 10): Executed 16 of 46[32m SUCCESS[39m (0 secs / 0.194 secs)
[1A[2KChrome 132.0.0.0 (Windows 10): Executed 17 of 46[32m SUCCESS[39m (0 secs / 0.198 secs)
[1A[2KChrome 132.0.0.0 (Windows 10): Executed 18 of 46[32m SUCCESS[39m (0 secs / 0.205 secs)
[1A[2KChrome 132.0.0.0 (Windows 10): Executed 19 of 46[32m SUCCESS[39m (0 secs / 0.214 secs)
[1A[2KChrome 132.0.0.0 (Windows 10): Executed 20 of 46[32m SUCCESS[39m (0 secs / 0.214 secs)
[1A[2KChrome 132.0.0.0 (Windows 10): Executed 21 of 46[32m SUCCESS[39m (0 secs / 0.216 secs)
[1A[2KChrome 132.0.0.0 (Windows 10): Executed 22 of 46[32m SUCCESS[39m (0 secs / 0.226 secs)
[1A[2KChrome 132.0.0.0 (Windows 10): Executed 23 of 46[32m SUCCESS[39m (0 secs / 0.227 secs)
[1A[2KChrome 132.0.0.0 (Windows 10): Executed 24 of 46[32m SUCCESS[39m (0 secs / 0.355 secs)
[1A[2KERROR: [36mHttpErrorResponse{headers: HttpHeaders{normalizedNames: Map{}, lazyUpdate: null, lazyInit: () => { ... }}, status: 401, statusText: 'Unauthorized', url: 'http://localhost:3000/api/roles', ok: false, name: 'HttpErrorResponse', message: 'Http failure response for http://localhost:3000/api/roles: 401 Unauthorized', error: Object{message: 'Acceso denegado. Token no proporcionado'}}[39m
Chrome 132.0.0.0 (Windows 10): Executed 24 of 46[32m SUCCESS[39m (0 secs / 0.355 secs)
ERROR: HttpErrorResponse{headers: HttpHeaders{normalizedNames: Map{}, lazyUpdate: null, lazyInit: () => { ... }}, status: 401, statusText: 'Unauthorized', url: 'http://localhost:3000/api/roles', ok: false, name: 'HttpErrorResponse', message: 'Http failure response for http://localhost:3000/api/roles: 401 Unauthorized', error: Object{message: 'Acceso denegado. Token no proporcionado'}}
[1A[2KERROR: [36mHttpErrorResponse{headers: HttpHeaders{normalizedNames: Map{}, lazyUpdate: null, lazyInit: () => { ... }}, status: 401, statusText: 'Unauthorized', url: 'http://localhost:3000/api/categorias', ok: false, name: 'HttpErrorResponse', message: 'Http failure response for http://localhost:3000/api/categorias: 401 Unauthorized', error: Object{message: 'Acceso denegado. Token no proporcionado'}}[39m
Chrome 132.0.0.0 (Windows 10): Executed 24 of 46[32m SUCCESS[39m (0 secs / 0.355 secs)
ERROR: HttpErrorResponse{headers: HttpHeaders{normalizedNames: Map{}, lazyUpdate: null, lazyInit: () => { ... }}, status: 401, statusText: 'Unauthorized', url: 'http://localhost:3000/api/categorias', ok: false, name: 'HttpErrorResponse', message: 'Http failure response for http://localhost:3000/api/categorias: 401 Unauthorized', error: Object{message: 'Acceso denegado. Token no proporcionado'}}
[1A[2KERROR: [36mHttpErrorResponse{headers: HttpHeaders{normalizedNames: Map{}, lazyUpdate: null, lazyInit: () => { ... }}, status: 401, statusText: 'Unauthorized', url: 'http://localhost:3000/api/productos', ok: false, name: 'HttpErrorResponse', message: 'Http failure response for http://localhost:3000/api/productos: 401 Unauthorized', error: Object{message: 'Acceso denegado. Token no proporcionado'}}[39m
Chrome 132.0.0.0 (Windows 10): Executed 24 of 46[32m SUCCESS[39m (0 secs / 0.355 secs)
ERROR: HttpErrorResponse{headers: HttpHeaders{normalizedNames: Map{}, lazyUpdate: null, lazyInit: () => { ... }}, status: 401, statusText: 'Unauthorized', url: 'http://localhost:3000/api/productos', ok: false, name: 'HttpErrorResponse', message: 'Http failure response for http://localhost:3000/api/productos: 401 Unauthorized', error: Object{message: 'Acceso denegado. Token no proporcionado'}}
[1A[2KERROR: [36mHttpErrorResponse{headers: HttpHeaders{normalizedNames: Map{}, lazyUpdate: null, lazyInit: () => { ... }}, status: 401, statusText: 'Unauthorized', url: 'http://localhost:3000/api/empleados', ok: false, name: 'HttpErrorResponse', message: 'Http failure response for http://localhost:3000/api/empleados: 401 Unauthorized', error: Object{message: 'Acceso denegado. Token no proporcionado'}}[39m
Chrome 132.0.0.0 (Windows 10): Executed 24 of 46[32m SUCCESS[39m (0 secs / 0.355 secs)
ERROR: HttpErrorResponse{headers: HttpHeaders{normalizedNames: Map{}, lazyUpdate: null, lazyInit: () => { ... }}, status: 401, statusText: 'Unauthorized', url: 'http://localhost:3000/api/empleados', ok: false, name: 'HttpErrorResponse', message: 'Http failure response for http://localhost:3000/api/empleados: 401 Unauthorized', error: Object{message: 'Acceso denegado. Token no proporcionado'}}
[1A[2KERROR: [36mHttpErrorResponse{headers: HttpHeaders{normalizedNames: Map{}, lazyUpdate: null, lazyInit: () => { ... }}, status: 401, statusText: 'Unauthorized', url: 'http://localhost:3000/api/ventas', ok: false, name: 'HttpErrorResponse', message: 'Http failure response for http://localhost:3000/api/ventas: 401 Unauthorized', error: Object{message: 'Acceso denegado. Token no proporcionado'}}[39m
Chrome 132.0.0.0 (Windows 10): Executed 24 of 46[32m SUCCESS[39m (0 secs / 0.355 secs)
ERROR: HttpErrorResponse{headers: HttpHeaders{normalizedNames: Map{}, lazyUpdate: null, lazyInit: () => { ... }}, status: 401, statusText: 'Unauthorized', url: 'http://localhost:3000/api/ventas', ok: false, name: 'HttpErrorResponse', message: 'Http failure response for http://localhost:3000/api/ventas: 401 Unauthorized', error: Object{message: 'Acceso denegado. Token no proporcionado'}}
[1A[2KERROR: [36mHttpErrorResponse{headers: HttpHeaders{normalizedNames: Map{}, lazyUpdate: null, lazyInit: () => { ... }}, status: 401, statusText: 'Unauthorized', url: 'http://localhost:3000/api/clientes', ok: false, name: 'HttpErrorResponse', message: 'Http failure response for http://localhost:3000/api/clientes: 401 Unauthorized', error: Object{message: 'Acceso denegado. Token no proporcionado'}}[39m
Chrome 132.0.0.0 (Windows 10): Executed 24 of 46[32m SUCCESS[39m (0 secs / 0.355 secs)
ERROR: HttpErrorResponse{headers: HttpHeaders{normalizedNames: Map{}, lazyUpdate: null, lazyInit: () => { ... }}, status: 401, statusText: 'Unauthorized', url: 'http://localhost:3000/api/clientes', ok: false, name: 'HttpErrorResponse', message: 'Http failure response for http://localhost:3000/api/clientes: 401 Unauthorized', error: Object{message: 'Acceso denegado. Token no proporcionado'}}
[1A[2KERROR: [36mHttpErrorResponse{headers: HttpHeaders{normalizedNames: Map{}, lazyUpdate: null, lazyInit: () => { ... }}, status: 401, statusText: 'Unauthorized', url: 'http://localhost:3000/api/lineas/venta/0', ok: false, name: 'HttpErrorResponse', message: 'Http failure response for http://localhost:3000/api/lineas/venta/0: 401 Unauthorized', error: Object{message: 'Token inv├ílido o expirado'}}[39m
Chrome 132.0.0.0 (Windows 10): Executed 24 of 46[32m SUCCESS[39m (0 secs / 0.355 secs)
ERROR: HttpErrorResponse{headers: HttpHeaders{normalizedNames: Map{}, lazyUpdate: null, lazyInit: () => { ... }}, status: 401, statusText: 'Unauthorized', url: 'http://localhost:3000/api/lineas/venta/0', ok: false, name: 'HttpErrorResponse', message: 'Http failure response for http://localhost:3000/api/lineas/venta/0: 401 Unauthorized', error: Object{message: 'Token inv├ílido o expirado'}}
[1A[2KERROR: [36mHttpErrorResponse{headers: HttpHeaders{normalizedNames: Map{}, lazyUpdate: null, lazyInit: () => { ... }}, status: 401, statusText: 'Unauthorized', url: 'http://localhost:3000/api/ventas/buscar/2025', ok: false, name: 'HttpErrorResponse', message: 'Http failure response for http://localhost:3000/api/ventas/buscar/2025: 401 Unauthorized', error: Object{message: 'Token inv├ílido o expirado'}}[39m
Chrome 132.0.0.0 (Windows 10): Executed 24 of 46[32m SUCCESS[39m (0 secs / 0.355 secs)
ERROR: HttpErrorResponse{headers: HttpHeaders{normalizedNames: Map{}, lazyUpdate: null, lazyInit: () => { ... }}, status: 401, statusText: 'Unauthorized', url: 'http://localhost:3000/api/ventas/buscar/2025', ok: false, name: 'HttpErrorResponse', message: 'Http failure response for http://localhost:3000/api/ventas/buscar/2025: 401 Unauthorized', error: Object{message: 'Token inv├ílido o expirado'}}
[1A[2KChrome 132.0.0.0 (Windows 10): Executed 25 of 46[32m SUCCESS[39m (0 secs / 0.369 secs)
[1A[2KChrome 132.0.0.0 (Windows 10): Executed 26 of 46[32m SUCCESS[39m (0 secs / 0.386 secs)
[1A[2KChrome 132.0.0.0 (Windows 10): Executed 27 of 46[32m SUCCESS[39m (0 secs / 0.393 secs)
[1A[2KChrome 132.0.0.0 (Windows 10): Executed 28 of 46[32m SUCCESS[39m (0 secs / 0.399 secs)
[1A[2KChrome 132.0.0.0 (Windows 10): Executed 29 of 46[32m SUCCESS[39m (0 secs / 0.401 secs)
[1A[2KChrome 132.0.0.0 (Windows 10): Executed 30 of 46[32m SUCCESS[39m (0 secs / 0.402 secs)
[1A[2KChrome 132.0.0.0 (Windows 10): Executed 31 of 46[32m SUCCESS[39m (0 secs / 0.407 secs)
[1A[2KChrome 132.0.0.0 (Windows 10): Executed 32 of 46[32m SUCCESS[39m (0 secs / 0.41 secs)
[1A[2KChrome 132.0.0.0 (Windows 10): Executed 33 of 46[32m SUCCESS[39m (0 secs / 0.418 secs)
[1A[2KChrome 132.0.0.0 (Windows 10): Executed 34 of 46[32m SUCCESS[39m (0 secs / 0.427 secs)
[1A[2KChrome 132.0.0.0 (Windows 10): Executed 35 of 46[32m SUCCESS[39m (0 secs / 0.429 secs)
[1A[2KChrome 132.0.0.0 (Windows 10): Executed 36 of 46[32m SUCCESS[39m (0 secs / 0.447 secs)
[1A[2KERROR: [36mHttpErrorResponse{headers: HttpHeaders{normalizedNames: Map{}, lazyUpdate: null, lazyInit: () => { ... }}, status: 401, statusText: 'Unauthorized', url: 'http://localhost:3000/api/roles', ok: false, name: 'HttpErrorResponse', message: 'Http failure response for http://localhost:3000/api/roles: 401 Unauthorized', error: Object{message: 'Acceso denegado. Token no proporcionado'}}[39m
Chrome 132.0.0.0 (Windows 10): Executed 36 of 46[32m SUCCESS[39m (0 secs / 0.447 secs)
ERROR: HttpErrorResponse{headers: HttpHeaders{normalizedNames: Map{}, lazyUpdate: null, lazyInit: () => { ... }}, status: 401, statusText: 'Unauthorized', url: 'http://localhost:3000/api/roles', ok: false, name: 'HttpErrorResponse', message: 'Http failure response for http://localhost:3000/api/roles: 401 Unauthorized', error: Object{message: 'Acceso denegado. Token no proporcionado'}}
[1A[2KERROR: [36mHttpErrorResponse{headers: HttpHeaders{normalizedNames: Map{}, lazyUpdate: null, lazyInit: () => { ... }}, status: 401, statusText: 'Unauthorized', url: 'http://localhost:3000/api/empleados', ok: false, name: 'HttpErrorResponse', message: 'Http failure response for http://localhost:3000/api/empleados: 401 Unauthorized', error: Object{message: 'Acceso denegado. Token no proporcionado'}}[39m
Chrome 132.0.0.0 (Windows 10): Executed 36 of 46[32m SUCCESS[39m (0 secs / 0.447 secs)
ERROR: HttpErrorResponse{headers: HttpHeaders{normalizedNames: Map{}, lazyUpdate: null, lazyInit: () => { ... }}, status: 401, statusText: 'Unauthorized', url: 'http://localhost:3000/api/empleados', ok: false, name: 'HttpErrorResponse', message: 'Http failure response for http://localhost:3000/api/empleados: 401 Unauthorized', error: Object{message: 'Acceso denegado. Token no proporcionado'}}
[1A[2KERROR: [36mHttpErrorResponse{headers: HttpHeaders{normalizedNames: Map{}, lazyUpdate: null, lazyInit: () => { ... }}, status: 401, statusText: 'Unauthorized', url: 'http://localhost:3000/api/clientes', ok: false, name: 'HttpErrorResponse', message: 'Http failure response for http://localhost:3000/api/clientes: 401 Unauthorized', error: Object{message: 'Token inv├ílido o expirado'}}[39m
Chrome 132.0.0.0 (Windows 10): Executed 36 of 46[32m SUCCESS[39m (0 secs / 0.447 secs)
ERROR: HttpErrorResponse{headers: HttpHeaders{normalizedNames: Map{}, lazyUpdate: null, lazyInit: () => { ... }}, status: 401, statusText: 'Unauthorized', url: 'http://localhost:3000/api/clientes', ok: false, name: 'HttpErrorResponse', message: 'Http failure response for http://localhost:3000/api/clientes: 401 Unauthorized', error: Object{message: 'Token inv├ílido o expirado'}}
[1A[2KERROR: [36mHttpErrorResponse{headers: HttpHeaders{normalizedNames: Map{}, lazyUpdate: null, lazyInit: () => { ... }}, status: 401, statusText: 'Unauthorized', url: 'http://localhost:3000/api/proveedores', ok: false, name: 'HttpErrorResponse', message: 'Http failure response for http://localhost:3000/api/proveedores: 401 Unauthorized', error: Object{message: 'Token inv├ílido o expirado'}}[39m
Chrome 132.0.0.0 (Windows 10): Executed 36 of 46[32m SUCCESS[39m (0 secs / 0.447 secs)
ERROR: HttpErrorResponse{headers: HttpHeaders{normalizedNames: Map{}, lazyUpdate: null, lazyInit: () => { ... }}, status: 401, statusText: 'Unauthorized', url: 'http://localhost:3000/api/proveedores', ok: false, name: 'HttpErrorResponse', message: 'Http failure response for http://localhost:3000/api/proveedores: 401 Unauthorized', error: Object{message: 'Token inv├ílido o expirado'}}
[1A[2KERROR: [36mHttpErrorResponse{headers: HttpHeaders{normalizedNames: Map{}, lazyUpdate: null, lazyInit: () => { ... }}, status: 401, statusText: 'Unauthorized', url: 'http://localhost:3000/api/productos', ok: false, name: 'HttpErrorResponse', message: 'Http failure response for http://localhost:3000/api/productos: 401 Unauthorized', error: Object{message: 'Token inv├ílido o expirado'}}[39m
Chrome 132.0.0.0 (Windows 10): Executed 36 of 46[32m SUCCESS[39m (0 secs / 0.447 secs)
ERROR: HttpErrorResponse{headers: HttpHeaders{normalizedNames: Map{}, lazyUpdate: null, lazyInit: () => { ... }}, status: 401, statusText: 'Unauthorized', url: 'http://localhost:3000/api/productos', ok: false, name: 'HttpErrorResponse', message: 'Http failure response for http://localhost:3000/api/productos: 401 Unauthorized', error: Object{message: 'Token inv├ílido o expirado'}}
[1A[2KERROR: [36mHttpErrorResponse{headers: HttpHeaders{normalizedNames: Map{}, lazyUpdate: null, lazyInit: () => { ... }}, status: 401, statusText: 'Unauthorized', url: 'http://localhost:3000/api/tipos-producto', ok: false, name: 'HttpErrorResponse', message: 'Http failure response for http://localhost:3000/api/tipos-producto: 401 Unauthorized', error: Object{message: 'Token inv├ílido o expirado'}}[39m
Chrome 132.0.0.0 (Windows 10): Executed 36 of 46[32m SUCCESS[39m (0 secs / 0.447 secs)
ERROR: HttpErrorResponse{headers: HttpHeaders{normalizedNames: Map{}, lazyUpdate: null, lazyInit: () => { ... }}, status: 401, statusText: 'Unauthorized', url: 'http://localhost:3000/api/tipos-producto', ok: false, name: 'HttpErrorResponse', message: 'Http failure response for http://localhost:3000/api/tipos-producto: 401 Unauthorized', error: Object{message: 'Token inv├ílido o expirado'}}
[1A[2KChrome 132.0.0.0 (Windows 10): Executed 37 of 46[32m SUCCESS[39m (0 secs / 0.453 secs)
[1A[2KERROR: [36mHttpErrorResponse{headers: HttpHeaders{normalizedNames: Map{}, lazyUpdate: null, lazyInit: () => { ... }}, status: 401, statusText: 'Unauthorized', url: 'http://localhost:3000/api/roles', ok: false, name: 'HttpErrorResponse', message: 'Http failure response for http://localhost:3000/api/roles: 401 Unauthorized', error: Object{message: 'Token inv├ílido o expirado'}}[39m
Chrome 132.0.0.0 (Windows 10): Executed 37 of 46[32m SUCCESS[39m (0 secs / 0.453 secs)
ERROR: HttpErrorResponse{headers: HttpHeaders{normalizedNames: Map{}, lazyUpdate: null, lazyInit: () => { ... }}, status: 401, statusText: 'Unauthorized', url: 'http://localhost:3000/api/roles', ok: false, name: 'HttpErrorResponse', message: 'Http failure response for http://localhost:3000/api/roles: 401 Unauthorized', error: Object{message: 'Token inv├ílido o expirado'}}
[1A[2KChrome 132.0.0.0 (Windows 10): Executed 38 of 46[32m SUCCESS[39m (0 secs / 0.454 secs)
[1A[2KERROR: [36mHttpErrorResponse{headers: HttpHeaders{normalizedNames: Map{}, lazyUpdate: null, lazyInit: () => { ... }}, status: 401, statusText: 'Unauthorized', url: 'http://localhost:3000/api/empleados', ok: false, name: 'HttpErrorResponse', message: 'Http failure response for http://localhost:3000/api/empleados: 401 Unauthorized', error: Object{message: 'Token inv├ílido o expirado'}}[39m
Chrome 132.0.0.0 (Windows 10): Executed 38 of 46[32m SUCCESS[39m (0 secs / 0.454 secs)
ERROR: HttpErrorResponse{headers: HttpHeaders{normalizedNames: Map{}, lazyUpdate: null, lazyInit: () => { ... }}, status: 401, statusText: 'Unauthorized', url: 'http://localhost:3000/api/empleados', ok: false, name: 'HttpErrorResponse', message: 'Http failure response for http://localhost:3000/api/empleados: 401 Unauthorized', error: Object{message: 'Token inv├ílido o expirado'}}
[1A[2KChrome 132.0.0.0 (Windows 10): Executed 39 of 46[32m SUCCESS[39m (0 secs / 0.463 secs)
[1A[2KChrome 132.0.0.0 (Windows 10): Executed 40 of 46[32m SUCCESS[39m (0 secs / 0.47 secs)
[1A[2KChrome 132.0.0.0 (Windows 10): Executed 41 of 46[32m SUCCESS[39m (0 secs / 0.48 secs)
[1A[2KChrome 132.0.0.0 (Windows 10): Executed 42 of 46[32m SUCCESS[39m (0 secs / 0.487 secs)
[1A[2KChrome 132.0.0.0 (Windows 10): Executed 43 of 46[32m SUCCESS[39m (0 secs / 0.493 secs)
[1A[2KChrome 132.0.0.0 (Windows 10): Executed 44 of 46[32m SUCCESS[39m (0 secs / 0.504 secs)
[1A[2KChrome 132.0.0.0 (Windows 10): Executed 45 of 46[32m SUCCESS[39m (0 secs / 0.516 secs)
[1A[2KChrome 132.0.0.0 (Windows 10): Executed 46 of 46[32m SUCCESS[39m (0 secs / 0.522 secs)
[1A[2KChrome 132.0.0.0 (Windows 10): Executed 46 of 46[32m SUCCESS[39m (0.626 secs / 0.522 secs)
[32mTOTAL: 46 SUCCESS[39m
Ô£ö Browser application bundle generation complete.
Ô£ö Browser application bundle generation complete.
